chr1	163401218	163401923	id-1-1|id-1-1
chr1	218276719	218280873	id-1-2|id-1-2
chr10	18012139	18019724	id-10-1|id-10-1
chr10	32424904	32426044	id-10-2|id-10-2
chr11	2238869	2243113	id-11-1|id-11-1
chr11	51405953	51415952	id-11-2|id-11-2
chr12	28986264	28995633	id-12-2|id-12-2
chr12	98851452	98853488	id-12-1|id-12-1
chr13	94222469	94225988	id-13-1|id-13-1
chr13	100207895	100209001	id-13-2|id-13-2
chr14	83541741	83548409	id-14-1|id-14-1
chr14	95231443	95240429	id-14-2|id-14-2
chr15	4110412	4112748	id-15-2|id-15-2
chr15	21877198	21882922	id-15-1|id-15-1
chr16	24195537	24199561	id-16-2|id-16-2
chr16	84979884	84981206	id-16-1|id-16-1
chr17	13540460	13545072	id-17-2|id-17-2
chr17	76104591	76113264	id-17-1|id-17-1
chr18	9017452	9020565	id-18-2|id-18-2
chr18	61148124	61150311	id-18-1|id-18-1
chr19	5562674	5569937	id-19-2|id-19-2
chr19	12348401	12352293	id-19-1|id-19-1
chr2	187385803	187391148	id-2-2|id-2-2
chr2	221556612	221564687	id-2-1|id-2-1
chr20	54504504	54513602	id-20-1|id-20-1
chr20	63460660	63467265	id-20-2|id-20-2
chr21	19976913	19983154	id-21-1|id-21-1
chr21	39999649	40008687	id-21-2|id-21-2
chr22	16257622	16264106	id-22-2|id-22-2
chr22	43758340	43760321	id-22-1|id-22-1
chr3	51169310	51175636	id-3-1|id-3-1
chr3	97624477	97627663	id-3-2|id-3-2
chr4	106091508	106099359	id-4-2|id-4-2
chr4	171434846	171438624	id-4-1|id-4-1
chr5	12936201	12943644	id-5-1|id-5-1
chr5	50578806	50584425	id-5-2|id-5-2
chr6	6770021	6777554	id-6-1|id-6-1
chr6	147996093	147997183	id-6-2|id-6-2
chr7	21735267	21742582	id-7-1|id-7-1
chr7	127233499	127240119	id-7-2|id-7-2
chr8	91257041	91266809	id-8-1|id-8-1
chr8	94832509	94836831	id-8-2|id-8-2
chr9	49497858	49505440	id-9-2|id-9-2
chr9	59918910	59927487	id-9-1|id-9-1
chrM	3183	6152	id-M-1|id-M-1;id-M-2
chrM	3651	12842	id-M-2|id-M-1;id-M-2
chrX	16726327	16729785	id-X-2|id-X-2
chrX	37815652	37815779	id-X-1|id-X-1
chrY	34209137	34212961	id-Y-2|id-Y-2
chrY	42579258	42583905	id-Y-1|id-Y-1
