metadata	x+75RW6mRmOSzMjnPvxt4igtLtY=
chr1	NA
chr10	NA
chr11	NA
chr12	NA
chr13	NA
chr14	NA
chr15	NA
chr16	NA
chr18	NA
chr19	NA
chr2	NA
chr20	NA
chr21	NA
chr22	NA
chr4	NA
chr5	NA
chr6	NA
chr7	NA
chr8	NA
chr9	NA
chrX	NA
