chr1	0	108
chr1	0	110
chr10	400	700
chr11	0	700
chr12	0	104
chr12	1	278
chr13	0	102
chr14	0	178
chr15	400	799
chr16	0	105
chr17	0	177
