chr0	100	250
chr0	250	300
chr0	300	400
chr1	10	50
chr1	50	100
chr1	100	125
chr1	250	400
chr1	2000	2100
chr1	2100	2125
chr1	2125	2500
chr21	500	1000
