chr1	0	5
chr1	11	15
chr11	80	105
chr11	106	126
chr13	0	200
chr13	201	301
chr15	5	10
chr15	11	101
chr4	19	101
chr5	16	18
chr7	7	11
