chr10	500	600
chr11	100	600
chr12	101	178
chr15	500	699
