chr1	10	110
chr1	250	350
chr1	2000	2100
chr1	2100	2200
chr1	2200	2300
chr1	2300	2400
chr1	2400	2500
chr21	500	600
chr21	600	700
chr21	700	800
chr21	800	900
chr21	900	1000
