chr0	100	300
chr1	1	3
chr1	3	5
chr1	5	6
chr1	6	9
chr1	9	10
chr1	10	11
chr1	11	12
chr1	12	13
chr1	13	14
chr1	14	15
chr1	15	16
chr1	16	17
chr1	17	18
chr1	18	19
chr1	19	20
chr1	20	21
chr1	21	22
chr1	22	23
chr1	23	24
chr1	24	25
chr1	25	26
chr1	26	27
chr1	27	28
chr1	28	29
chr1	29	30
chr1	30	50
chr1	50	100
chr1	100	125
chr1	2000	2500
chr2	1	2
chr2	2	5
chr2	5	7
chr2	7	10
chr3	1	2
