chr1	0	5
chr1	11	15
chr11	80	100
chr11	126	1001
chr13	201	301
chr15	0	5
chr15	21	101
chr4	19	101
chr5	16	18
chr7	7	11
