chr1	148009248	148029247
chr10	55153881	55154212
chr11	5560910	5571317
chr11	5702318	5704161
chr11	116094278	116099355
chr11	116190356	116201355
chr11	116249356	116275355
chr12	38810234	38844233
chr12	38932234	38992836
chr13	29559428	29560171
chr13	112338065	112338078
chr13	112504065	112520428
chr13	112525227	112549064
chr13	112612065	112624578
chr13	112628727	112630064
chr14	53067518	53073538
chr14	53179539	53179869
chr15	41520526	41532525
chr16	93144	119143
chr16	25780472	25782417
chr18	24213544	24213564
chr18	59624151	59637368
chr19	59235073	59252574
chr2	118260212	118269509
chr2	118311510	118319513
chr2	220315565	220324186
chr20	33365433	33367142
chr21	33429135	33448236
chr21	33468585	33484496
chr21	34147135	34187236
chr21	34350497	34363496
chr21	39443129	39449493
chr21	39506494	39518080
chr21	39696494	39710980
chr22	30129340	30139169
chr22	30162868	30178339
chr22	30411340	30428969
chr22	30507340	30518569
chr22	31157340	31176339
chr22	31225340	31233969
chr4	118604259	118605412
chr5	55974213	55983561
chr5	56039562	56049964
chr5	56108463	56117561
chr5	56184562	56210561
chr5	56313562	56342561
chr5	131348288	131354467
chr5	131409468	131435467
chr5	142238379	142266580
chr5	142281579	142316030
chr5	142320129	142329430
chr6	41657953	41671858
chr6	41744107	41754952
chr6	41887953	41895952
chr6	74177092	74192091
chr6	108410516	108415700
chr6	132635602	132654353
chr7	89826252	89835488
chr7	90088489	90106488
chr7	90225489	90246353
chr7	113613220	113629995
chr7	113668996	113686671
chr7	113748970	113836821
chr7	114009870	114044995
chr7	114108620	114122995
chr7	115404552	115415551
chr7	115486552	115497585
chr7	115575552	115579385
chr7	115843552	115868585
chr7	116127552	116156551
chr7	116371552	116394035
chr7	116441684	116447551
chr7	116506552	116511235
chr7	116606234	116622551
chr7	116675552	116709135
chr7	116784484	116858785
chr7	116956034	116991551
chr7	117045552	117061585
chr7	117262884	117280551
chr7	125702889	125710958
chr7	125781757	125813958
chr7	125866307	125893888
chr7	125960889	125981658
chr7	126582957	126592888
chr8	119223346	119225934
chr8	119329033	119333345
chrX	122513817	122514171
chrX	122773320	122790816
chrX	152635277	152635348
