chr1	10	110
chr1	63	125
chr1	116	125
chr1	250	350
chr1	303	400
chr1	356	400
chr1	2000	2100
chr1	2053	2153
chr1	2106	2206
chr1	2159	2259
chr1	2212	2312
chr1	2265	2365
chr1	2318	2418
chr1	2371	2471
chr1	2424	2500
chr1	2477	2500
chr21	500	600
chr21	553	653
chr21	606	706
chr21	659	759
chr21	712	812
chr21	765	865
chr21	818	918
chr21	871	971
chr21	924	1000
chr21	977	1000
