chr4	11	16
chr6	11	16
chr6	118	119
chr7	102	105
chr7	116	117
