chr1	33657	33666
chr1	33666	33670
chr1	33670	33672
chr1	33672	33682
chr1	33682	33686
chr1	33686	33687
chr1	33687	33690
chr1	34375	34377
chr1	34377	34390
