chr1	148324497	148352248
chr1	148370247	148381196
chr10	55652880	55653761
chr11	1700195	1704342
chr11	1716341	1805844
chr11	1858695	1944342
chr11	2299341	2299444
chr11	4731161	4731318
chr11	5718317	5732510
chr11	63943030	63995061
chr11	64214060	64249029
chr11	115962329	115962356
chr11	130604811	130604863
chr11	131007862	131041863
chr11	131103862	131104460
chr12	38627136	38627234
chr12	38758233	38796085
chr12	39125233	39126385
chr13	29418029	29418172
chr13	112371064	112483527
chr13	112671478	112674065
chr13	112834064	112834777
chr14	52947469	52947539
chr14	53216538	53252539
chr14	53395538	53445318
chr14	98458731	98458982
chr14	98726981	98846982
chr14	98922981	98939630
chr15	41612706	41613526
chr15	41644525	41647605
chr15	41943256	41944526
chr15	42017525	42018955
chr16	63608	93057
chr16	154108	191707
chr16	260308	265144
chr16	282143	337657
chr16	411108	499907
chr16	26277471	26279766
chr16	60834343	60834367
chr16	61332366	61333692
chr18	23719245	23719565
chr18	59412352	59412369
chr18	59822052	59866369
chr18	59907368	59912251
chr19	59070324	59190792
chr19	59264791	59272223
chr19	59444274	59505073
chr19	59768724	59808473
chr19	59878074	59928792
chr19	60022791	60024073
chr2	51577171	51577376
chr2	52068375	52070270
chr2	118011463	118011510
chr2	118466509	118469162
chr2	220105486	220105565
chr2	220163564	220164985
chr2	220211686	220252585
chr2	220350564	220388565
chr2	220601564	220602785
chr2	234274978	234299983
chr2	234517982	234572983
chr2	234772982	234773827
chr20	33304942	33337441
chr20	33435432	33455641
chr20	33547842	33648241
chr20	33719592	33741791
chr21	32669086	32713497
chr21	32845496	32937497
chr21	32987496	33011135
chr21	33088136	33098497
chr21	33211496	33238497
chr21	33356496	33384497
chr21	33770636	33776835
chr21	33986136	34033497
chr21	34189496	34192935
chr21	39244480	39244494
chr21	39537493	39577279
chr21	39714493	39744379
chr22	30267469	30295368
chr22	30306819	30325968
chr22	30433339	30457418
chr22	30623339	30641468
chr22	30691769	30704340
chr22	31104339	31109568
chr22	31826339	31828418
chr4	119102258	119104211
chr5	55871514	55871562
chr5	55910561	55932562
chr5	56295064	56312663
chr5	131285239	131285468
chr5	131508839	131615988
chr5	131664139	131723988
chr5	132163339	132207638
chr5	132252289	132274838
chr5	141880430	141880431
chr5	142107430	142154431
chr6	41428258	41462953
chr6	41483952	41520157
chr6	41676952	41730953
chr6	73789966	73790092
chr6	73926091	73957092
chr6	74005091	74105092
chr6	74133091	74172215
chr6	108501515	108624516
chr6	108653515	108655299
chr6	108803650	108804516
chr6	108870515	108870849
chr6	132218553	132220684
chr6	132711683	132711702
chr7	26730774	26730869
chr7	26808868	26855869
chr7	26873868	26934423
chr7	27002574	27032869
chr7	27228868	27229823
chr7	89544453	89577352
chr7	89720203	89733489
chr7	90514488	90525602
chr7	113527971	113527996
chr7	113839995	113857470
chr7	113900871	113903996
chr7	113950995	113979996
chr7	114086871	114099996
chr7	114220471	114262670
chr7	114309121	114320996
chr7	114525995	114527020
chr7	115517551	115530034
chr7	115712551	115763184
chr7	116070551	116122834
chr7	116299385	116328884
chr7	116532551	116595552
chr7	126462888	126512889
chr7	126667158	126672889
chr7	126728888	126762889
chr7	126789888	126818457
chr8	118882234	118882346
chr8	118959345	119035133
chr8	119104034	119129346
chr8	119148345	119148683
chr9	128810361	128817231
chr9	128848230	128867310
chr9	129025011	129077310
chr9	129147561	129247231
chr9	129263230	129264760
chrX	122565816	122576870
chrX	122752371	122754817
chrX	122873171	122879817
chrX	122994816	122995070
chrX	152648276	152671997
chrX	152809248	152834277
chrX	152848276	152915277
chrX	153048276	153077847
chrX	153193448	153278597
chrX	153338498	153357277
chrX	153471276	153518997
chrX	153572798	153785397
chrX	153880448	153891277
chrX	153958276	153967197
