chr1	279	280
chr1	280	281
chr1	281	282
chr1	310	311
chr1	311	312
chr1	312	313
chr1	313	314
chr1	314	318
chr1	318	320
