chr6	5	11
chr6	16	118
chr6	119	121
chr7	2	102
chr7	105	116
chr7	117	151
