chr4	5	11
chr4	16	17
chr6	0	11
chr6	16	118
chr6	119	121
chr7	2	102
chr7	105	116
chr7	117	151
