chr1	10	11
chr1	11	12
chr1	12	13
chr1	13	14
chr1	14	15
chr2	10	11
chr2	11	12
chr2	12	13
chr2	13	14
chr2	14	15
chr3	10	11
chr3	11	12
chr3	12	13
chr3	13	14
chr3	14	15
chr9	10	11
chr9	11	12
chr9	12	13
chr9	13	14
chr9	14	15
chrM	10	11
chrM	11	12
chrM	12	13
chrM	13	14
chrM	14	15
chrX	10	11
chrX	11	12
chrX	12	13
chrX	13	14
chrX	14	15
chrY	10	11
chrY	11	12
chrY	12	13
chrY	13	14
chrY	14	15
