chr1	1	51
chr4	51	59
chr4	99	103
chr5	23	27
chr7	21	23
