chr1	0	2
chr1	14	30
chr1	58	66
chr11	3000	4501
chr11	4600	4714
chr11	5000	5006
chr13	14	18
chr13	19	101
chr4	13	14
chr4	73	80
chr4	100	203
chr5	1	4
chr7	6	14
chr7	89	92
chr7	101	120
chr8	1000	1115
