chrY	3	7
chrY	8	11
chrY	12	15
chrY	16	25
chrY	27	31
