chr1	2	14
chr1	30	58
chr11	0	3000
chr11	4501	4600
chr11	4714	5000
chr13	0	14
chr13	18	19
chr4	0	13
chr4	14	73
chr4	80	100
chr5	0	1
chr7	0	6
chr7	14	89
chr7	92	101
chr8	0	1000
